------------------------------------------------------------
TimeQuest Timing Analyzer Summary
------------------------------------------------------------

Type  : Slow 1100mV 85C Model Setup 'system_clock'
Slack : -3.595
TNS   : -143.282

Type  : Slow 1100mV 85C Model Hold 'system_clock'
Slack : 0.328
TNS   : 0.000

Type  : Slow 1100mV 85C Model Minimum Pulse Width 'system_clock'
Slack : -0.538
TNS   : -64.403

Type  : Slow 1100mV 0C Model Setup 'system_clock'
Slack : -3.769
TNS   : -144.581

Type  : Slow 1100mV 0C Model Hold 'system_clock'
Slack : 0.310
TNS   : 0.000

Type  : Slow 1100mV 0C Model Minimum Pulse Width 'system_clock'
Slack : -0.538
TNS   : -65.001

Type  : Fast 1100mV 85C Model Setup 'system_clock'
Slack : -1.204
TNS   : -28.107

Type  : Fast 1100mV 85C Model Hold 'system_clock'
Slack : 0.167
TNS   : 0.000

Type  : Fast 1100mV 85C Model Minimum Pulse Width 'system_clock'
Slack : -0.113
TNS   : -9.016

Type  : Fast 1100mV 0C Model Setup 'system_clock'
Slack : -0.987
TNS   : -21.087

Type  : Fast 1100mV 0C Model Hold 'system_clock'
Slack : 0.151
TNS   : 0.000

Type  : Fast 1100mV 0C Model Minimum Pulse Width 'system_clock'
Slack : -0.109
TNS   : -8.772

------------------------------------------------------------
